0.001  0.0002 30.02e-23 0.0011 0.00021 30.021e-020 0.0012 0.00022 30.022e-020 