0.726521 -2.37522e-006 -3.11327 -0.0432399 2.37522e-006 -3.11327 -0.683281 -1.39598e-016 1.34154e-014 0 0 0 0 0 0 0 0 0
