0.0001 2.37522e-026 3.11327e-020 4.32399e-022 -2.37522e-026 3.11327e-020 6.83281e-021 2.29679e-036 -2.19581e-034 2.10932e-038 5.36481e-037 -5.04524e-035 1.1498e-037 -6.19862e-051 5.95044e-049 -3.75328e-055 1.21785e-051 -1.16916e-049
