12.44 56.54 12.89e05 12.45 56.55 12.90e05 12.46 56.56 12.91e05